 zsb

 Timestamp is 51019054 (Thu Jan 24 23:49:40 2013)

 Preferred load address is 00400000

 Start         Length     Name                   Class
 0001:00000000 000050a6H .text                   CODE
 0001:000050b0 00001e41H code                    CODE
 0002:00000000 00000144H .idata$5                DATA
 0002:00000148 00178944H .rdata                  DATA
 0002:00178a8c 000000a0H .idata$2                DATA
 0002:00178b2c 00000014H .idata$3                DATA
 0002:00178b40 00000144H .idata$4                DATA
 0002:00178c84 00000590H .idata$6                DATA
 0002:00179214 00000000H .edata                  DATA
 0003:00000000 00000054H .data                   DATA
 0003:00000058 00001400H .bss                    DATA
 0004:00000000 00000220H .rsrc$01                DATA
 0004:00000220 000040f8H .rsrc$02                DATA

  Address         Publics by Value              Rva+Base       Lib:Object

 0001:00000000       ?__GetArgsA@@YIKPAD0PAPAPADPAPADK@Z 00401000 f   buildconfig.obj
 0001:0000080b       ?webFake2Binary@@YIPAUHEADER@HttpInject@@PAU_VAR@Config0@@@Z 0040180b f   buildconfig.obj
 0001:00000b80       ?_run@BuildConfig@@YI_NPAUHWND__@@0PAUCFGDATA@Config0@@PA_W@Z 00401b80 f   buildconfig.obj
 0001:000013bc       ?writeOutput@@YAXPAUHWND__@@PA_WZZ 004023bc f   tools.obj
 0001:0000143b       ?writeOutputError@@YAXPAUHWND__@@PA_WZZ 0040243b f   tools.obj
 0001:00001474       ?closeThreadIfFinsinhed@@YIXPAPAX@Z 00402474 f   tools.obj
 0001:00001493       ?reallocEx@Mem@@YI_NPAXK@Z 00402493 f   common.obj
 0001:000014b4       ?realloc@Mem@@YIPAXPAXK@Z  004024b4 f   common.obj
 0001:000014e8       ?alloc@Mem@@YIPAXK@Z       004024e8 f   common.obj
 0001:000014fb       ?free@Mem@@YIXPAX@Z        004024fb f   common.obj
 0001:00001517       ?freeArrayOfPointers@Mem@@YIXPAXK@Z 00402517 f   common.obj
 0001:00001537       ?_copy@Mem@@YGXPAXPBXK@Z   00402537 f   common.obj
 0001:0000154e       ?_zero@Mem@@YIXPAXK@Z      0040254e f   common.obj
 0001:00001560       ?_set@Mem@@YGXPAXDK@Z      00402560 f   common.obj
 0001:00001703       ?_CopyExA@Str@@YIPADPADH@Z 00402703 f   common.obj
 0001:00001740       ?_ToInt32A@Str@@YIHPADPA_N@Z 00402740 f   common.obj
 0001:000017ca       ?_getArgumentsA@Str@@YIKQADKPAPAPADK@Z 004027ca f   common.obj
 0001:000018b2       ?_LengthA@Str@@YIHPBD@Z    004028b2 f   common.obj
 0001:000018c4       ?_LengthW@Str@@YIHPB_W@Z   004028c4 f   common.obj
 0001:000018d8       ?_findRCharW@Str@@YIPA_WQA_W_W@Z 004028d8 f   common.obj
 0001:00001901       ?_sprintfW@Str@@YAHPA_WHPB_WZZ 00402901 f   common.obj
 0001:00001945       ?_sprintfExW@Str@@YAHPAPA_WPB_WZZ 00402945 f   common.obj
 0001:00001958       ?_vsprintfExW@Str@@YIHPAPA_WPB_WPAD@Z 00402958 f   common.obj
 0001:0000198e       ?_utf8FromUnicode@Str@@YI_NQA_WHPAUUTF8STRING@1@@Z 0040298e f   common.obj
 0001:000019c4       ?_utf8FromAnsi@Str@@YI_NQADHPAUUTF8STRING@1@@Z 004029c4 f   common.obj
 0001:000019fa       ?_utf8ToUnicode@Str@@YIPA_WPBXH@Z 004029fa f   common.obj
 0001:00002232       ?_Compress@UCL@@YIHPAEK0PAKPAUPROGRESS_CALLBACK@1@K@Z 00403232 f   common.obj
 0001:0000254f       ?genrand_int32@@YIKXZ      0040354f f   common.obj
 0001:00002643       ?_md5Hash@Crypt@@YI_NPAEPAXK@Z 00403643 f   common.obj
 0001:000026d7       ?mtRand@Crypt@@YIKXZ       004036d7 f   common.obj
 0001:00002723       ?mtRandRange@Crypt@@YIKKK@Z 00403723 f   common.obj
 0001:0000274c       ?crc32Hash@Crypt@@YIKPBXK@Z 0040374c f   common.obj
 0001:000027b6       ?_rc4Init@Crypt@@YIXPBXGPAURC4KEY@1@@Z 004037b6 f   common.obj
 0001:00002819       ?_rc4@Crypt@@YIXPAXKPAURC4KEY@1@@Z 00403819 f   common.obj
 0001:0000288e       ?_generateBinaryData@Crypt@@YIXPAXKEE_N@Z 0040388e f   common.obj
 0001:000028b5       ?_saveToFile@Fs@@YI_NQA_WPBXK@Z 004038b5 f   common.obj
 0001:0000291a       ?_fileToMem@Fs@@YI_NPA_WPAUMEMFILE@1@K@Z 0040391a f   common.obj
 0001:000029b4       ?_closeMemFile@Fs@@YIXPAUMEMFILE@1@@Z 004039b4 f   common.obj
 0001:000029db       ?_removeFile@Fs@@YI_NPA_W@Z 004039db f   common.obj
 0001:000029fc       ?_pathCombine@Fs@@YI_NPA_WQA_W1@Z 004039fc f   common.obj
 0001:00002a2a       ?_ParseFile@Config0@@YI_NPA_WPAUCFGDATA@1@@Z 00403a2a f   common.obj
 0001:00002ba0       ?_Close@Config0@@YIXPAUCFGDATA@1@@Z 00403ba0 f   common.obj
 0001:00002bcd       ?_FreeVar@Config0@@YIXPAU_VAR@1@@Z 00403bcd f   common.obj
 0001:00002c09       ?_AddVar@Config0@@YIPAU_VAR@1@PAU21@PAUCFGDATA@1@PAPADE@Z 00403c09 f   common.obj
 0001:00002c60       ?_GetVar@Config0@@YIPAU_VAR@1@PAU21@PAUCFGDATA@1@PAD2@Z 00403c60 f   common.obj
 0001:00002ce5       ?_getWindowText@Gui@@YIPA_WPAUHWND__@@PAK@Z 00403ce5 f   common.obj
 0001:00002d34       ?_browseForFile@Gui@@YI_NPAUHWND__@@PA_W1@Z 00403d34 f   common.obj
 0001:00002d80       ?_browseForSaveFile@Gui@@YI_NPAUHWND__@@PA_W111K@Z 00403d80 f   common.obj
 0001:00002de7       ?_getUserByProcessHandle@Process@@YIPAU_TOKEN_USER@@PAXPAK@Z 00403de7 f   common.obj
 0001:00002e45       ?_getUserByToken@WinSecurity@@YIPAU_TOKEN_USER@@PAX@Z 00403e45 f   common.obj
 0001:00002ea6       ?_createFromMemory@PeImage@@YIPAXPAUPEDATA@1@PAXK_N@Z 00403ea6 f   common.obj
 0001:00003036       ?_freeImage@PeImage@@YIXPAUPEDATA@1@@Z 00404036 f   common.obj
 0001:00003071       ?_setDosHeader@PeImage@@YI_NPAUPEDATA@1@PAX@Z 00404071 f   common.obj
 0001:000030bd       ?_setNtHeaderFromNtHeader@PeImage@@YI_NPAUPEDATA@1@PAX@Z 004040bd f   common.obj
 0001:00003142       ?_addSection@PeImage@@YI_NPAUPEDATA@1@PADKPAXKKKKK@Z 00404142 f   common.obj
 0001:00003276       ?_buildImage@PeImage@@YIKPAUPEDATA@1@KKPAPAE@Z 00404276 f   common.obj
 0001:00003587       ?_rvaToRsa@PeImage@@YIKPAUPEDATA@1@KPAG@Z 00404587 f   common.obj
 0001:000035ee       ?_isPeImage@PeImage@@YI_NPAXK@Z 004045ee f   common.obj
 0001:00003673       ?_getOsGuid@MalwareTools@@YI_NPAU_GUID@@@Z 00404673 f   common.obj
 0001:00003729       ?_generateKernelObjectName@MalwareTools@@YIXPAU_GUID@@KKPA_WPAURC4KEY@Crypt@@E@Z 00404729 f   common.obj
 0001:000037b1       ?_createEmpty@BinStorage@@YIPAUSTORAGE@1@XZ 004047b1 f   common.obj
 0001:000037cd       ?_addItem@BinStorage@@YI_NPAPAUSTORAGE@1@KKPAXK@Z 004047cd f   common.obj
 0001:0000387a       ?_addItemAsUtf8StringA@BinStorage@@YI_NPAPAUSTORAGE@1@KKPAD@Z 0040487a f   common.obj
 0001:000038c7       ?_getNextItem@BinStorage@@YIPAUITEM@1@PBUSTORAGE@1@PAU21@@Z 004048c7 f   common.obj
 0001:000038fe       ?_pack@BinStorage@@YIKPAPAUSTORAGE@1@KPAURC4KEY@Crypt@@@Z 004048fe f   common.obj
 0001:00003a94       ?_createOverlay@BaseOverlay@@YI_NPAXPBXGPBURC4KEY@Crypt@@@Z 00404a94 f   common.obj
 0001:00003b03       ?_encryptFunction@BaseOverlay@@YIKPAEK@Z 00404b03 f   common.obj
 0001:00003d36       ?entryPoint@@YGXXZ         00404d36 f   main.obj
 0001:00003e4b       ?init@Languages@@YIXXZ     00404e4b f   languages.obj
 0001:00003ec9       ?get@Languages@@YIPA_WK@Z  00404ec9 f   languages.obj
 0001:00003ee0       ?setDefaultLangId@Languages@@YI_NG@Z 00404ee0 f   languages.obj
 0001:00003f4d       ?getLangInfo@Languages@@YIPBULANGINFO@1@G@Z 00404f4d f   languages.obj
 0001:00004209       ?toolInformationProc@@YGHPAUHWND__@@IIJ@Z 00405209 f   info.obj
 0001:000044c8       ?toolBuilderProc@@YGHPAUHWND__@@IIJ@Z 004054c8 f   builder.obj
 0001:0000475c       ?toolSettingsProc@@YGHPAUHWND__@@IIJ@Z 0040575c f   settings.obj
 0001:000048ff       ?_run@BuildBot@@YI_NPAUHWND__@@0PAUCFGDATA@Config0@@PA_W@Z 004058ff f   buildbot.obj
 0001:000050b0       _LDE@8                     004060b0     lde32:LDE64.obj
 0001:000050b0       start                      004060b0     lde32:LDE64.obj
 0002:00000000       __imp__CryptReleaseContext@8 00408000     advapi32:ADVAPI32.dll
 0002:00000004       __imp__OpenProcessToken@12 00408004     advapi32:ADVAPI32.dll
 0002:00000008       __imp__CryptGetHashParam@20 00408008     advapi32:ADVAPI32.dll
 0002:0000000c       __imp__CryptCreateHash@20  0040800c     advapi32:ADVAPI32.dll
 0002:00000010       __imp__CryptDestroyHash@4  00408010     advapi32:ADVAPI32.dll
 0002:00000014       __imp__CryptHashData@16    00408014     advapi32:ADVAPI32.dll
 0002:00000018       __imp__GetLengthSid@4      00408018     advapi32:ADVAPI32.dll
 0002:0000001c       __imp__CryptAcquireContextW@20 0040801c     advapi32:ADVAPI32.dll
 0002:00000020       __imp__GetTokenInformation@20 00408020     advapi32:ADVAPI32.dll
 0002:00000024       \177ADVAPI32_NULL_THUNK_DATA 00408024     advapi32:ADVAPI32.dll
 0002:00000028       __imp__InitCommonControlsEx@4 00408028     comctl32:COMCTL32.dll
 0002:0000002c       \177COMCTL32_NULL_THUNK_DATA 0040802c     comctl32:COMCTL32.dll
 0002:00000030       __imp__GetSaveFileNameW@4  00408030     comdlg32:COMDLG32.dll
 0002:00000034       __imp__GetOpenFileNameW@4  00408034     comdlg32:COMDLG32.dll
 0002:00000038       \177COMDLG32_NULL_THUNK_DATA 00408038     comdlg32:COMDLG32.dll
 0002:0000003c       __imp__ReadFile@20         0040803c     kernel32:KERNEL32.dll
 0002:00000040       __imp__CreateFileW@28      00408040     kernel32:KERNEL32.dll
 0002:00000044       __imp__MultiByteToWideChar@24 00408044     kernel32:KERNEL32.dll
 0002:00000048       __imp__GetFileSizeEx@8     00408048     kernel32:KERNEL32.dll
 0002:0000004c       __imp__GetLastError@0      0040804c     kernel32:KERNEL32.dll
 0002:00000050       __imp__VirtualAlloc@16     00408050     kernel32:KERNEL32.dll
 0002:00000054       __imp__HeapCreate@12       00408054     kernel32:KERNEL32.dll
 0002:00000058       __imp__GetVolumeNameForVolumeMountPointW@12 00408058     kernel32:KERNEL32.dll
 0002:0000005c       __imp__DeleteFileW@4       0040805c     kernel32:KERNEL32.dll
 0002:00000060       __imp__SetFileAttributesW@8 00408060     kernel32:KERNEL32.dll
 0002:00000064       __imp__CreateThread@24     00408064     kernel32:KERNEL32.dll
 0002:00000068       __imp__ExitProcess@4       00408068     kernel32:KERNEL32.dll
 0002:0000006c       __imp__GetModuleFileNameW@12 0040806c     kernel32:KERNEL32.dll
 0002:00000070       __imp__WritePrivateProfileStringW@16 00408070     kernel32:KERNEL32.dll
 0002:00000074       __imp__GetPrivateProfileIntW@16 00408074     kernel32:KERNEL32.dll
 0002:00000078       __imp__GetUserDefaultUILanguage@0 00408078     kernel32:KERNEL32.dll
 0002:0000007c       __imp__GetFileAttributesExW@12 0040807c     kernel32:KERNEL32.dll
 0002:00000080       __imp__WriteFile@20        00408080     kernel32:KERNEL32.dll
 0002:00000084       __imp__IsBadReadPtr@8      00408084     kernel32:KERNEL32.dll
 0002:00000088       __imp__GetProcessHeap@0    00408088     kernel32:KERNEL32.dll
 0002:0000008c       __imp__HeapDestroy@4       0040808c     kernel32:KERNEL32.dll
 0002:00000090       __imp__WideCharToMultiByte@32 00408090     kernel32:KERNEL32.dll
 0002:00000094       __imp__VirtualFree@12      00408094     kernel32:KERNEL32.dll
 0002:00000098       __imp__GetTickCount@0      00408098     kernel32:KERNEL32.dll
 0002:0000009c       __imp__GetModuleHandleW@4  0040809c     kernel32:KERNEL32.dll
 0002:000000a0       __imp__HeapFree@12         004080a0     kernel32:KERNEL32.dll
 0002:000000a4       __imp__HeapAlloc@12        004080a4     kernel32:KERNEL32.dll
 0002:000000a8       __imp__HeapReAlloc@16      004080a8     kernel32:KERNEL32.dll
 0002:000000ac       __imp__CloseHandle@4       004080ac     kernel32:KERNEL32.dll
 0002:000000b0       __imp__WaitForSingleObject@8 004080b0     kernel32:KERNEL32.dll
 0002:000000b4       __imp__lstrcpyW@8          004080b4     kernel32:KERNEL32.dll
 0002:000000b8       __imp__lstrcmpiA@8         004080b8     kernel32:KERNEL32.dll
 0002:000000bc       \177KERNEL32_NULL_THUNK_DATA 004080bc     kernel32:KERNEL32.dll
 0002:000000c0       __imp__ShellExecuteW@24    004080c0     shell32:SHELL32.dll
 0002:000000c4       __imp__SHGetFolderPathW@20 004080c4     shell32:SHELL32.dll
 0002:000000c8       \177SHELL32_NULL_THUNK_DATA 004080c8     shell32:SHELL32.dll
 0002:000000cc       __imp__PathRemoveBackslashW@4 004080cc     shlwapi:SHLWAPI.dll
 0002:000000d0       __imp__PathAddBackslashW@4 004080d0     shlwapi:SHLWAPI.dll
 0002:000000d4       __imp__PathRemoveFileSpecW@4 004080d4     shlwapi:SHLWAPI.dll
 0002:000000d8       __imp__wvnsprintfW@16      004080d8     shlwapi:SHLWAPI.dll
 0002:000000dc       __imp__StrCmpNIA@12        004080dc     shlwapi:SHLWAPI.dll
 0002:000000e0       __imp__PathFindFileNameA@4 004080e0     shlwapi:SHLWAPI.dll
 0002:000000e4       __imp__PathCombineW@12     004080e4     shlwapi:SHLWAPI.dll
 0002:000000e8       \177SHLWAPI_NULL_THUNK_DATA 004080e8     shlwapi:SHLWAPI.dll
 0002:000000ec       __imp__LoadImageW@24       004080ec     user32:USER32.dll
 0002:000000f0       __imp__SetWindowTextW@8    004080f0     user32:USER32.dll
 0002:000000f4       __imp__SetDlgItemTextW@12  004080f4     user32:USER32.dll
 0002:000000f8       __imp__CreateDialogParamW@20 004080f8     user32:USER32.dll
 0002:000000fc       __imp__ShowWindow@8        004080fc     user32:USER32.dll
 0002:00000100       __imp__EndDialog@8         00408100     user32:USER32.dll
 0002:00000104       __imp__GetDlgItem@8        00408104     user32:USER32.dll
 0002:00000108       __imp__DialogBoxParamW@20  00408108     user32:USER32.dll
 0002:0000010c       __imp__DestroyWindow@4     0040810c     user32:USER32.dll
 0002:00000110       __imp__EnableWindow@8      00408110     user32:USER32.dll
 0002:00000114       __imp__MessageBoxW@16      00408114     user32:USER32.dll
 0002:00000118       __imp__SendDlgItemMessageW@20 00408118     user32:USER32.dll
 0002:0000011c       __imp__GetWindowTextW@12   0040811c     user32:USER32.dll
 0002:00000120       __imp__SetWindowLongW@12   00408120     user32:USER32.dll
 0002:00000124       __imp__SendMessageW@16     00408124     user32:USER32.dll
 0002:00000128       __imp__GetWindowTextLengthW@4 00408128     user32:USER32.dll
 0002:0000012c       \177USER32_NULL_THUNK_DATA 0040812c     user32:USER32.dll
 0002:00000130       __imp__StringFromGUID2@12  00408130     ole32:ole32.dll
 0002:00000134       __imp__CLSIDFromString@8   00408134     ole32:ole32.dll
 0002:00000138       __imp__CoUninitialize@0    00408138     ole32:ole32.dll
 0002:0000013c       __imp__CoInitializeEx@8    0040813c     ole32:ole32.dll
 0002:00000140       \177ole32_NULL_THUNK_DATA  00408140     ole32:ole32.dll
 0002:00000148       ??_C@_07IJKAAKFB@set_url?$AA@ 00408148     buildconfig.obj
 0002:00000150       ??_C@_0O@BANOKHIN@data_before?$AN?6?$AA@ 00408150     buildconfig.obj
 0002:00000160       ??_C@_0O@BMPPOCNM@data_inject?$AN?6?$AA@ 00408160     buildconfig.obj
 0002:00000170       ??_C@_0N@FGEEJEJE@data_after?$AN?6?$AA@ 00408170     buildconfig.obj
 0002:00000180       ??_C@_0L@BGILCDAN@data_end?$AN?6?$AA@ 00408180     buildconfig.obj
 0002:0000018c       ??_C@_1M@IEMJKJMB@?$AA?$CF?$AAu?$AA?$DN?$AA?$CF?$AAS?$AA?$AA@ 0040818c     buildconfig.obj
 0002:00000198       ??_C@_1BE@EKDGJGJ@?$AA?$CF?$AAS?$AA?$FL?$AA?$CF?$AAu?$AA?$FN?$AA?$DN?$AA?$CF?$AAS?$AA?$AA@ 00408198     buildconfig.obj
 0002:000001ac       ??_C@_0N@GKMGIMK@staticconfig?$AA@ 004081ac     buildconfig.obj
 0002:000001bc       ??_C@_0O@EKNJJOCE@dynamicconfig?$AA@ 004081bc     buildconfig.obj
 0002:000001cc       ??_C@_0L@CJFHMBNF@url_loader?$AA@ 004081cc     buildconfig.obj
 0002:000001d8       ??_C@_1BM@CNMFCFBA@?$AAu?$AAr?$AAl?$AA_?$AAl?$AAo?$AAa?$AAd?$AAe?$AAr?$AA?$DN?$AA?$CF?$AAS?$AA?$AA@ 004081d8     buildconfig.obj
 0002:000001f4       ??_C@_07MHMLHHBC@z_purse?$AA@ 004081f4     buildconfig.obj
 0002:000001fc       ??_C@_1BG@BBBPECDC@?$AAz?$AA_?$AAp?$AAu?$AAr?$AAs?$AAe?$AA?$DN?$AA?$CF?$AAS?$AA?$AA@ 004081fc     buildconfig.obj
 0002:00000214       ??_C@_07BECOGMKH@r_purse?$AA@ 00408214     buildconfig.obj
 0002:0000021c       ??_C@_1BG@KIFMGEDC@?$AAr?$AA_?$AAp?$AAu?$AAr?$AAs?$AAe?$AA?$DN?$AA?$CF?$AAS?$AA?$AA@ 0040821c     buildconfig.obj
 0002:00000234       ??_C@_0L@LNMGCDMK@qiwi_purse?$AA@ 00408234     buildconfig.obj
 0002:00000240       ??_C@_1BM@IHKBLLCL@?$AAq?$AAi?$AAw?$AAi?$AA_?$AAp?$AAu?$AAr?$AAs?$AAe?$AA?$DN?$AA?$CF?$AAS?$AA?$AA@ 00408240     buildconfig.obj
 0002:0000025c       ??_C@_09GJBGNIKB@yad_purse?$AA@ 0040825c     buildconfig.obj
 0002:00000268       ??_C@_1BK@HONJBNAI@?$AAy?$AAa?$AAd?$AA_?$AAp?$AAu?$AAr?$AAs?$AAe?$AA?$DN?$AA?$CF?$AAS?$AA?$AA@ 00408268     buildconfig.obj
 0002:00000284       ??_C@_06GMBOBNO@perf_g?$AA@ 00408284     buildconfig.obj
 0002:0000028c       ??_C@_1BE@PNMFGMAJ@?$AAp?$AAe?$AAr?$AAf?$AA_?$AAg?$AA?$DN?$AA?$CF?$AAS?$AA?$AA@ 0040828c     buildconfig.obj
 0002:000002a0       ??_C@_06DEPHIDFM@perf_e?$AA@ 004082a0     buildconfig.obj
 0002:000002a8       ??_C@_1BE@PJDALMDE@?$AAp?$AAe?$AAr?$AAf?$AA_?$AAe?$AA?$DN?$AA?$CF?$AAS?$AA?$AA@ 004082a8     buildconfig.obj
 0002:000002bc       ??_C@_08CNFCNFNA@lr_purse?$AA@ 004082bc     buildconfig.obj
 0002:000002c8       ??_C@_1BI@MALFLJNM@?$AAl?$AAr?$AA_?$AAp?$AAu?$AAr?$AAs?$AAe?$AA?$DN?$AA?$CF?$AAS?$AA?$AA@ 004082c8     buildconfig.obj
 0002:000002e0       ??_C@_09HBFLANDP@rbk_purse?$AA@ 004082e0     buildconfig.obj
 0002:000002ec       ??_C@_1BK@FNCDGMCE@?$AAr?$AAb?$AAk?$AA_?$AAp?$AAu?$AAr?$AAs?$AAe?$AA?$DN?$AA?$CF?$AAS?$AA?$AA@ 004082ec     buildconfig.obj
 0002:00000308       ??_C@_0L@MEAKHMNC@url_server?$AA@ 00408308     buildconfig.obj
 0002:00000314       ??_C@_1BM@OLCKEJDG@?$AAu?$AAr?$AAl?$AA_?$AAs?$AAe?$AAr?$AAv?$AAe?$AAr?$AA?$DN?$AA?$CF?$AAS?$AA?$AA@ 00408314     buildconfig.obj
 0002:00000330       ??_C@_09PLNLMLBI@keylogger?$AA@ 00408330     buildconfig.obj
 0002:0000033c       ??_C@_0BA@LLEBBLCN@advancedconfigs?$AA@ 0040833c     buildconfig.obj
 0002:0000034c       ??_C@_0L@CCGLNHGL@webfilters?$AA@ 0040834c     buildconfig.obj
 0002:00000358       ??_C@_0P@PJEFLBGL@webdatafilters?$AA@ 00408358     buildconfig.obj
 0002:00000368       ??_C@_08NFMAFHBI@webfakes?$AA@ 00408368     buildconfig.obj
 0002:00000374       ??_C@_1CK@KAKEICLA@?$AAw?$AAe?$AAb?$AAf?$AAa?$AAk?$AAe?$AA?$FL?$AA?$CF?$AAu?$AA?$FN?$AA?$DN?$AA?$CF?$AAS?$AA?5?$AA?9?$AA?$DO?$AA?5?$AA?$CF?$AAS?$AA?$AA@ 00408374     buildconfig.obj
 0002:000003a0       ??_C@_0BA@LGGIHLGK@file_webinjects?$AA@ 004083a0     buildconfig.obj
 0002:000003b0       ??_C@_1CG@FHNAFLLG@?$AAf?$AAi?$AAl?$AAe?$AA_?$AAw?$AAe?$AAb?$AAi?$AAn?$AAj?$AAe?$AAc?$AAt?$AAs?$AA?$DN?$AA?$CF?$AAS?$AA?$AA@ 004083b0     buildconfig.obj
 0002:000003d8       ??_C@_0L@MJOJPBBG@url_config?$AA@ 004083d8     buildconfig.obj
 0002:000003e4       ??_C@_1BI@LFEJPBOH@?$AA?$HM?$AAc?$AAo?$AAn?$AAf?$AAi?$AAg?$AA?4?$AAb?$AAi?$AAn?$AA?$AA@ 004083e4     buildconfig.obj
 0002:000003fc       ??_C@_15JNBOKNOG@?$AA?$AN?$AA?6?$AA?$AA@ 004083fc     tools.obj
 0002:00000402       ??_C@_00CNPNBAHC@?$AA@     00408402     common.obj
 0002:00176810       ??_C@_0M@EHLICNEC@2012?1sep?128?$AA@ 0057e810     common.obj
 0002:0017681c       ??_C@_03JBJLGPFL@end?$AA@  0057e81c     common.obj
 0002:00176820       ??_C@_05HNNDEAND@entry?$AA@ 0057e820     common.obj
 0002:00176828       ??_C@_1BK@BDLHIEGA@?$AAs?$AAe?$AAt?$AAt?$AAi?$AAn?$AAg?$AAs?$AA?4?$AAi?$AAn?$AAi?$AA?$AA@ 0057e828     main.obj
 0002:00176848       ??_C@_1EG@JACOIPAJ@?$AE?$BN?$AE5?$AA?5?$AEC?$AE4?$AE0?$AE?$DL?$AE?$DO?$AEA?$AEL?$AA?5?$AE?$DN?$AE0?$AE9?$AEB?$AE8?$AA?5?$AAR?$AAB?$AAK?$AA?5?$AAM?$AAo?$AAn?$AAe?$AAy?$AA?5?$AE?3?$AE?$DO?$AEH?$AE5?$AE?$DL@ 0057e848     languages.obj
 0002:00176890       ??_C@_1FC@JAFMCKLD@?$AE?$BN?$AE5?$AA?5?$AEC?$AE4?$AE0?$AE?$DL?$AE?$DO?$AEA?$AEL?$AA?5?$AE?$DN?$AE0?$AE9?$AEB?$AE8?$AA?5?$AAL?$AAi?$AAb?$AAe?$AAr?$AAt?$AAy?$AA?5?$AAR?$AAe?$AAs?$AAe?$AAr?$AAv?$AAe@ 0057e890     languages.obj
 0002:001768e8       ??_C@_1EO@IEAMICAP@?$AE?$BN?$AE5?$AA?5?$AEC?$AE4?$AE0?$AE?$DL?$AE?$DO?$AEA?$AEL?$AA?5?$AE?$DN?$AE0?$AE9?$AEB?$AE8?$AA?5?$AAP?$AAe?$AAr?$AAf?$AAe?$AAc?$AAt?$AAM?$AAo?$AAn?$AAe?$AAy?$AE?$BF?$AA?5?$AE?3@ 0057e8e8     languages.obj
 0002:00176938       ??_C@_1EO@HCJEPCFC@?$AE?$BN?$AE5?$AA?5?$AEC?$AE4?$AE0?$AE?$DL?$AE?$DO?$AEA?$AEL?$AA?5?$AE?$DN?$AE0?$AE9?$AEB?$AE8?$AA?5?$AAP?$AAe?$AAr?$AAf?$AAe?$AAc?$AAt?$AAM?$AAo?$AAn?$AAe?$AAy?$AAG?$AA?5?$AE?3@ 0057e938     languages.obj
 0002:00176988       ??_C@_1EM@PIECBIAP@?$AE?$BN?$AE5?$AA?5?$AEC?$AE4?$AE0?$AE?$DL?$AE?$DO?$AEA?$AEL?$AA?5?$AE?$DN?$AE0?$AE9?$AEB?$AE8?$AA?5?$AAY?$AAa?$AAn?$AAd?$AAe?$AAx?$AA?5?$AAM?$AAo?$AAn?$AAe?$AAy?$AA?5?$AE?3?$AE?$DO@ 0057e988     languages.obj
 0002:001769d4       ??_C@_1DM@HJJHJBGC@?$AE?$BN?$AE5?$AA?5?$AEC?$AE4?$AE0?$AE?$DL?$AE?$DO?$AEA?$AEL?$AA?5?$AE?$DN?$AE0?$AE9?$AEB?$AE8?$AA?5?$AAQ?$AAI?$AAW?$AAI?$AA?5?$AE?3?$AE?$DO?$AEH?$AE5?$AE?$DL?$AE5?$AE?3?$AA?$AA@ 0057e9d4     languages.obj
 0002:00176a10       ??_C@_1DK@OJGPLCFF@?$AE?$BN?$AE5?$AA?5?$AEC?$AE4?$AE0?$AE?$DL?$AE?$DO?$AEA?$AEL?$AA?5?$AE?$DN?$AE0?$AE9?$AEB?$AE8?$AA?5?$AAW?$AAM?$AAR?$AA?5?$AE?3?$AE?$DO?$AEH?$AE5?$AE?$DL?$AE5?$AE?3?$AA?$AA@ 0057ea10     languages.obj
 0002:00176a4c       ??_C@_1DK@HELEGEOH@?$AE?$BN?$AE5?$AA?5?$AEC?$AE4?$AE0?$AE?$DL?$AE?$DO?$AEA?$AEL?$AA?5?$AE?$DN?$AE0?$AE9?$AEB?$AE8?$AA?5?$AAW?$AAM?$AAZ?$AA?5?$AE?3?$AE?$DO?$AEH?$AE5?$AE?$DL?$AE5?$AE?3?$AA?$AA@ 0057ea4c     languages.obj
 0002:00176a88       ??_C@_1EI@CGMKEHLB@?$AE?$BN?$AE5?$AA?5?$AEC?$AE4?$AE0?$AE?$DL?$AE?$DO?$AEA?$AEL?$AA?5?$AEA?$AE?$DO?$AEE?$AE?$EA?$AE0?$AE?$DN?$AE8?$AEB?$AEL?$AA?5?$AE2?$AEA?$AE5?$AA?5?$AE?$DN?$AE0?$AEA?$AEB?$AE?$EA?$AE?$DO?$AE9@ 0057ea88     languages.obj
 0002:00176ad0       ??_C@_1HE@HLCNBAIH@?$AE?$BE?$AE?$DL?$AEO?$AA?5?$AE?$DP?$AE?$EA?$AE8?$AE?$DM?$AE5?$AE?$DN?$AE5?$AE?$DN?$AE8?$AEO?$AA?5?$AEO?$AE7?$AEK?$AE?3?$AE0?$AA?5?$AE?$DN?$AE5?$AE?$DO?$AE1?$AEE?$AE?$DO?$AE4?$AE8?$AE?$DM?$AE?$DO?$AA?5@ 0057ead0     languages.obj
 0002:00176b44       ??_C@_1BE@DKHNKBMM@?$AE?$BP?$AE?$EA?$AE8?$AE?$DM?$AE5?$AE?$DN?$AE8?$AEB?$AEL?$AA?$AA@ 0057eb44     languages.obj
 0002:00176b58       ??_C@_1CC@KCPALBLP@?$AE?1?$AE7?$AEK?$AE?3?$AA?5?$AE8?$AE?$DN?$AEB?$AE5?$AE?$EA?$AED?$AE5?$AE9?$AEA?$AE0?$AA?3?$AA?$AA@ 0057eb58     languages.obj
 0002:00176b80       ??_C@_1EC@BGPCCJLE@?$AE?$BO?$AE1?$AE?$DN?$AE0?$AE?$EA?$AEC?$AE6?$AE5?$AE?$DN?$AA?5?$AAH?$AAT?$AAT?$AAP?$AA?9?$AE8?$AE?$DN?$AE6?$AE5?$AE?3?$AEB?$AA?5?$AEA?$AA?5?$AE?$DO?$AEH?$AE8?$AE1?$AE?3?$AE?$DO?$AE9?$AA?4@ 0057eb80     languages.obj
 0002:00176bc8       ??_C@_1FE@IDGPPIJB@?$AE?$BN?$AE5?$AA?5?$AEC?$AE4?$AE0?$AE?$DL?$AE?$DO?$AEA?$AEL?$AA?5?$AE?$DO?$AEB?$AE?3?$AE?$EA?$AEK?$AEB?$AEL?$AA?5?$AED?$AE0?$AE9?$AE?$DL?$AA?5?$AEA?$AA?5?$AAH?$AAT?$AAT?$AAP?$AA?9?$AE8@ 0057ebc8     languages.obj
 0002:00176c1c       ??_C@_1DA@MBGGDJCB@?$AE?$CB?$AE1?$AE?$DO?$AE?$EA?$AE?3?$AE0?$AA?5?$AAH?$AAT?$AAT?$AAP?$AA?9?$AE8?$AE?$DN?$AE6?$AE5?$AE?3?$AEB?$AE?$DO?$AE2?$AA?4?$AA?4?$AA?4?$AA?$AA@ 0057ec1c     languages.obj
 0002:00176c50       ??_C@_1GK@FLHAEAAN@?$AE?$BO?$AE1?$AE?$DN?$AE0?$AE?$EA?$AEC?$AE6?$AE5?$AE?$DN?$AE0?$AA?5?$AE?$DO?$AEH?$AE8?$AE1?$AE?3?$AE0?$AA?5?$AE2?$AA?5?$AA?$CC?$AAD?$AAy?$AAn?$AAa?$AAm?$AAi?$AAc?$AAC?$AAo?$AAn?$AAf@ 0057ec50     languages.obj
 0002:00176cc0       ??_C@_1FM@MHDFLINN@?$AE?$BO?$AE1?$AE?$DN?$AE0?$AE?$EA?$AEC?$AE6?$AE5?$AE?$DN?$AE0?$AA?5?$AE?$DO?$AEH?$AE8?$AE1?$AE?3?$AE0?$AA?5?$AE2?$AA?5?$AA?$CC?$AAD?$AAy?$AAn?$AAa?$AAm?$AAi?$AAc?$AAC?$AAo?$AAn?$AAf@ 0057ecc0     languages.obj
 0002:00176d20       ??_C@_1GI@BAHPPCPB@?$AE?$BO?$AE1?$AE?$DN?$AE0?$AE?$EA?$AEC?$AE6?$AE5?$AE?$DN?$AE0?$AA?5?$AE?$DO?$AEH?$AE8?$AE1?$AE?3?$AE0?$AA?5?$AE2?$AA?5?$AA?$CC?$AAD?$AAy?$AAn?$AAa?$AAm?$AAi?$AAc?$AAC?$AAo?$AAn?$AAf@ 0057ed20     languages.obj
 0002:00176d88       ??_C@_1GA@DHMMIEFJ@?$AE?$BO?$AE1?$AE?$DN?$AE0?$AE?$EA?$AEC?$AE6?$AE5?$AE?$DN?$AE0?$AA?5?$AE?$DO?$AEH?$AE8?$AE1?$AE?3?$AE0?$AA?5?$AE2?$AA?5?$AA?$CC?$AAD?$AAy?$AAn?$AAa?$AAm?$AAi?$AAc?$AAC?$AAo?$AAn?$AAf@ 0057ed88     languages.obj
 0002:00176de8       ??_C@_1FO@GMODEOB@?$AE?$BO?$AE1?$AE?$DN?$AE0?$AE?$EA?$AEC?$AE6?$AE5?$AE?$DN?$AE0?$AA?5?$AE?$DO?$AEH?$AE8?$AE1?$AE?3?$AE0?$AA?5?$AE2?$AA?5?$AA?$CC?$AAD?$AAy?$AAn?$AAa?$AAm?$AAi?$AAc?$AAC?$AAo?$AAn?$AAf@ 0057ede8     languages.obj
 0002:00176e48       ??_C@_1GK@JCPHAFED@?$AE?$BO?$AE1?$AE?$DN?$AE0?$AE?$EA?$AEC?$AE6?$AE5?$AE?$DN?$AE0?$AA?5?$AE?$DO?$AEH?$AE8?$AE1?$AE?3?$AE0?$AA?5?$AE2?$AA?5?$AA?$CC?$AAD?$AAy?$AAn?$AAa?$AAm?$AAi?$AAc?$AAC?$AAo?$AAn?$AAf@ 0057ee48     languages.obj
 0002:00176eb8       ??_C@_1FK@GLGEDKDN@?$AE?$BN?$AE5?$AA?5?$AEC?$AE4?$AE0?$AE?$DL?$AE?$DO?$AEA?$AEL?$AA?5?$AE?$DN?$AE0?$AE9?$AEB?$AE8?$AA?5?$AA?$CC?$AAD?$AAy?$AAn?$AAa?$AAm?$AAi?$AAc?$AAC?$AAo?$AAn?$AAf?$AAi?$AAg?$AA?1@ 0057eeb8     languages.obj
 0002:00176f18       ??_C@_1FK@LNPLBCLF@?$AE?$BN?$AE5?$AA?5?$AEC?$AE4?$AE0?$AE?$DL?$AE?$DO?$AEA?$AEL?$AA?5?$AE?$DN?$AE0?$AE9?$AEB?$AE8?$AA?5?$AA?$CC?$AAD?$AAy?$AAn?$AAa?$AAm?$AAi?$AAc?$AAC?$AAo?$AAn?$AAf?$AAi?$AAg?$AA?1@ 0057ef18     languages.obj
 0002:00176f78       ??_C@_1EE@NLHODLFN@?$AE?$BN?$AE5?$AA?5?$AEC?$AE4?$AE0?$AE?$DL?$AE?$DO?$AEA?$AEL?$AA?5?$AE?$DN?$AE0?$AE9?$AEB?$AE8?$AA?5?$AA?$CC?$AAD?$AAy?$AAn?$AAa?$AAm?$AAi?$AAc?$AAC?$AAo?$AAn?$AAf?$AAi?$AAg?$AA?$CC@ 0057ef78     languages.obj
 0002:00176fbc       ??_C@_1DI@LEEFFLLP@?$AE?$BI?$AEA?$AEE?$AE?$DO?$AE4?$AE?$DN?$AEK?$AE9?$AA?5?$AAP?$AAE?$AA?9?$AED?$AE0?$AE9?$AE?$DL?$AA?5?$AE?$DP?$AE?$DO?$AE2?$AE?$EA?$AE5?$AE6?$AE4?$AE5?$AE?$DN?$AA?4?$AA?$AA@ 0057efbc     languages.obj
 0002:00176ff8       ??_C@_1LE@NHKPEFOF@?$AE?$BM?$AE0?$AE?3?$AEA?$AE8?$AE?$DM?$AE0?$AE?$DL?$AEL?$AE?$DN?$AE0?$AEO?$AA?5?$AE4?$AE?$DL?$AE8?$AE?$DN?$AE0?$AA?5?$AE7?$AE?$DN?$AE0?$AEG?$AE5?$AE?$DN?$AE8?$AEO?$AA?5?$AE4?$AE?$DL?$AEO?$AA?5@ 0057eff8     languages.obj
 0002:001770b0       ??_C@_1FG@IBBEIJAG@?$AE?$BN?$AE5?$AA?5?$AEC?$AE4?$AE0?$AE?$DL?$AE?$DO?$AEA?$AEL?$AA?5?$AE?$DN?$AE0?$AE9?$AEB?$AE8?$AA?5?$AA?$CC?$AAS?$AAt?$AAa?$AAt?$AAi?$AAc?$AAC?$AAo?$AAn?$AAf?$AAi?$AAg?$AA?1?$AAl@ 0057f0b0     languages.obj
 0002:00177108       ??_C@_1GA@BOJMKNLE@?$AE?$BN?$AE5?$AA?5?$AEC?$AE4?$AE0?$AE?$DL?$AE?$DO?$AEA?$AEL?$AA?5?$AE?$DN?$AE0?$AE9?$AEB?$AE8?$AA?5?$AA?$CC?$AAS?$AAt?$AAa?$AAt?$AAi?$AAc?$AAC?$AAo?$AAn?$AAf?$AAi?$AAg?$AA?1?$AAe@ 0057f108     languages.obj
 0002:00177168       ??_C@_1LG@DHIEAMF@?$AE?$BM?$AE0?$AE?3?$AEA?$AE8?$AE?$DM?$AE0?$AE?$DL?$AEL?$AE?$DN?$AE0?$AEO?$AA?5?$AE4?$AE?$DL?$AE8?$AE?$DN?$AE0?$AA?5?$AE7?$AE?$DN?$AE0?$AEG?$AE5?$AE?$DN?$AE8?$AEO?$AA?5?$AE4?$AE?$DL?$AEO?$AA?5@ 0057f168     languages.obj
 0002:00177220       ??_C@_1FI@OBENPLIH@?$AE?$BN?$AE5?$AA?5?$AEC?$AE4?$AE0?$AE?$DL?$AE?$DO?$AEA?$AEL?$AA?5?$AE?$DN?$AE0?$AE9?$AEB?$AE8?$AA?5?$AA?$CC?$AAS?$AAt?$AAa?$AAt?$AAi?$AAc?$AAC?$AAo?$AAn?$AAf?$AAi?$AAg?$AA?1?$AAu@ 0057f220     languages.obj
 0002:00177278       ??_C@_1KO@KMJBPBLA@?$AE?$BM?$AE0?$AE?3?$AEA?$AE8?$AE?$DM?$AE0?$AE?$DL?$AEL?$AE?$DN?$AE0?$AEO?$AA?5?$AE4?$AE?$DL?$AE8?$AE?$DN?$AE0?$AA?5?$AE7?$AE?$DN?$AE0?$AEG?$AE5?$AE?$DN?$AE8?$AEO?$AA?5?$AE4?$AE?$DL?$AEO?$AA?5@ 0057f278     languages.obj
 0002:00177328       ??_C@_1EC@BKDIOCBL@?$AE?$BN?$AE5?$AA?5?$AEC?$AE4?$AE0?$AE?$DL?$AE?$DO?$AEA?$AEL?$AA?5?$AE?$DN?$AE0?$AE9?$AEB?$AE8?$AA?5?$AA?$CC?$AAS?$AAt?$AAa?$AAt?$AAi?$AAc?$AAC?$AAo?$AAn?$AAf?$AAi?$AAg?$AA?$CC?$AA?4@ 0057f328     languages.obj
 0002:0017736c       ??_C@_1DM@CMCGPEHD@?$AE?$CB?$AE1?$AE?$DO?$AE?$EA?$AE?3?$AE0?$AA?5?$AE?3?$AE?$DO?$AE?$DN?$AED?$AE8?$AE3?$AEC?$AE?$EA?$AE0?$AEF?$AE8?$AE8?$AA?5?$AE1?$AE?$DO?$AEB?$AE0?$AA?4?$AA?4?$AA?4?$AA?$AN?$AA?6?$AA?$AA@ 0057f36c     languages.obj
 0002:001773a8       ??_C@_1DI@KNCNHA@?$AA?$AN?$AA?6?$AE?$CB?$AE?$BB?$AE?$BO?$AE?5?$AE?$BK?$AE?$BA?$AA?5?$AE?$CD?$AE?$CB?$AE?$BP?$AE?$BF?$AE?$CI?$AE?$BN?$AE?$BO?$AA?5?$AE?$BH?$AE?$BA?$AE?$BC?$AE?$BF?$AE?5?$AE?$CI?$AE?$BF?$AE?$BN?$AE?$BA?$AA?$CB?$AA?$AA@ 0057f3a8     languages.obj
 0002:001773e0       ??_C@_1CM@NDGOAMFJ@?$AE?5?$AE0?$AE7?$AE?$DM?$AE5?$AE?$EA?$AA?5?$AED?$AE0?$AE9?$AE?$DL?$AE0?$AA?5?$AA?$CF?$AAu?$AA?5?$AE1?$AE0?$AE9?$AEB?$AA?4?$AA?$AA@ 0057f3e0     languages.obj
 0002:0017740c       ??_C@_1CM@IPGNPINN@?$AE?$CB?$AE?$DO?$AE7?$AE4?$AE0?$AE?$DN?$AE8?$AE5?$AA?5?$AAE?$AAX?$AAE?$AA?9?$AED?$AE0?$AE9?$AE?$DL?$AE0?$AA?4?$AA?4?$AA?4?$AA?$AA@ 0057f40c     languages.obj
 0002:00177438       ??_C@_1DC@LFMMMOIE@?$AE?$BH?$AE0?$AE3?$AE?$EA?$AEC?$AE7?$AE?3?$AE0?$AA?5?$AE?3?$AE?$DO?$AE?$DN?$AED?$AE8?$AE3?$AEC?$AE?$EA?$AE0?$AEF?$AE8?$AE8?$AA?4?$AA?4?$AA?4?$AA?$AA@ 0057f438     languages.obj
 0002:0017746c       ??_C@_1BO@PNDDCEKG@?$AE?$CB?$AE1?$AE?$DO?$AE?$EA?$AE?3?$AE0?$AA?5?$AE1?$AE?$DO?$AEB?$AE0?$AA?4?$AA?4?$AA?4?$AA?$AA@ 0057f46c     languages.obj
 0002:00177490       ??_C@_1FA@PAJLHLGC@?$AE?$BN?$AE5?$AA?5?$AEC?$AE4?$AE0?$AE?$DL?$AE?$DO?$AEA?$AEL?$AA?5?$AE?$DP?$AE?$EA?$AE?$DO?$AEG?$AE8?$AEB?$AE0?$AEB?$AEL?$AA?5?$AED?$AE0?$AE9?$AE?$DL?$AA?5?$AE?3?$AE?$DO?$AE?$DN?$AED?$AE8?$AE3@ 0057f490     languages.obj
 0002:001774e0       ??_C@_1EO@GKGJEBEA@?$AE?$BN?$AE5?$AA?5?$AEC?$AE4?$AE0?$AE?$DL?$AE?$DO?$AEA?$AEL?$AA?5?$AE7?$AE0?$AE?$DP?$AEC?$AEA?$AEB?$AE8?$AEB?$AEL?$AA?5?$AE2?$AE?$DN?$AE5?$AEH?$AE?$DN?$AE8?$AE9?$AA?5?$AE?$EA?$AE5?$AE4@ 0057f4e0     languages.obj
 0002:00177530       ??_C@_1CK@CFILAGLK@?$AA?9?$AA?9?$AA?5?$AED?$AE0?$AE9?$AE?$DL?$AA?5?$AE?$DN?$AE5?$AA?5?$AE2?$AEK?$AE1?$AE?$EA?$AE0?$AE?$DN?$AA?5?$AA?9?$AA?9?$AA?$AA@ 0057f530     languages.obj
 0002:0017755c       ??_C@_1BK@LGPCGEAE@?$AE?$CB?$AE?$DO?$AE1?$AE?$EA?$AE0?$AEB?$AEL?$AA?5?$AE1?$AE?$DO?$AEB?$AE0?$AA?$AA@ 0057f55c     languages.obj
 0002:00177578       ??_C@_1DE@NCOCACGH@?$AE?$CB?$AE?$DO?$AE1?$AE?$EA?$AE0?$AEB?$AEL?$AA?5?$AE?3?$AE?$DO?$AE?$DN?$AED?$AE8?$AE3?$AEC?$AE?$EA?$AE0?$AEF?$AE8?$AEN?$AA?5?$AE1?$AE?$DO?$AEB?$AE0?$AA?$AA@ 0057f578     languages.obj
 0002:001775ac       ??_C@_1BC@DMCPANLP@?$AE?$BE?$AE5?$AE9?$AEA?$AEB?$AE2?$AE8?$AEO?$AA?$AA@ 0057f5ac     languages.obj
 0002:001775c0       ??_C@_1BE@FHJEJNMI@?$AE?$BP?$AE?$EA?$AE0?$AE2?$AE?3?$AE0?$AA?4?$AA?4?$AA?4?$AA?$AA@ 0057f5c0     languages.obj
 0002:001775d4       ??_C@_1BC@BIOMGAAE@?$AE?$BO?$AE1?$AE7?$AE?$DO?$AE?$EA?$AA?4?$AA?4?$AA?4?$AA?$AA@ 0057f5d4     languages.obj
 0002:001775e8       ??_C@_1DI@FMBHDPOJ@?$AE?$BI?$AEA?$AEE?$AE?$DO?$AE4?$AE?$DN?$AEK?$AE9?$AA?5?$AED?$AE0?$AE9?$AE?$DL?$AA?5?$AE?3?$AE?$DO?$AE?$DN?$AED?$AE8?$AE3?$AEC?$AE?$EA?$AE0?$AEF?$AE8?$AE8?$AA?3?$AA?$AA@ 0057f5e8     languages.obj
 0002:00177620       ??_C@_1BO@PIJCNLMD@?$AE?$BB?$AE?$DO?$AEB?$AA?5?$AE?$DN?$AE5?$AA?5?$AE?$DN?$AE0?$AE9?$AE4?$AE5?$AE?$DN?$AA?4?$AA?$AA@ 0057f620     languages.obj
 0002:00177640       ??_C@_1GI@GNPPDGHI@?$AE?$BC?$AE5?$AE?$EA?$AEA?$AE8?$AEO?$AA?3?$AA?5?$AA?$CF?$AAu?$AA?4?$AA?$CF?$AAu?$AA?4?$AA?$CF?$AAu?$AA?4?$AA?$CF?$AAu?$AA?$AN?$AA?6?$AE?$BB?$AE?$DO?$AEB?$AE?$DN?$AE5?$AEB?$AA?3?$AA?5?$AA?$CF?$AAs?$AA?$AN@ 0057f640     languages.obj
 0002:001776a8       ??_C@_1JA@MEOJEKEL@?$AE?$BN?$AE5?$AA?5?$AEC?$AE4?$AE0?$AE?$DL?$AE?$DO?$AEA?$AEL?$AA?5?$AEC?$AE4?$AE0?$AE?$DL?$AE8?$AEB?$AEL?$AA?5?$AE1?$AE?$DO?$AEB?$AE0?$AA?$CB?$AA?5?$AE?$BP?$AE?$DO?$AE?$DP?$AE?$EA?$AE?$DO?$AE1?$AEC@ 0057f6a8     languages.obj
 0002:00177738       ??_C@_1JG@LBANAGAD@?$AE?$BB?$AE?$DO?$AEB?$AA?5?$AEC?$AE4?$AE0?$AE?$DL?$AE5?$AE?$DN?$AA?$CB?$AA?5?$AE?$BP?$AE?$DO?$AE6?$AE0?$AE?$DL?$AEC?$AE9?$AEA?$AEB?$AE0?$AA?0?$AA?5?$AE?$DP?$AE5?$AE?$EA?$AE5?$AE7?$AE0?$AE3?$AE?$EA@ 0057f738     languages.obj
 0002:001777d0       ??_C@_1CC@FBDLFHIL@?$AE?$CD?$AE4?$AE0?$AE?$DL?$AE5?$AE?$DN?$AE8?$AE5?$AA?5?$AE1?$AE?$DO?$AEB?$AE0?$AA?4?$AA?4?$AA?4?$AA?$AA@ 0057f7d0     languages.obj
 0002:001777f4       ??_C@_1BK@FFEHNFFG@?$AE?$CD?$AE4?$AE0?$AE?$DL?$AE8?$AEB?$AEL?$AA?5?$AE1?$AE?$DO?$AEB?$AE0?$AA?$AA@ 0057f7f4     languages.obj
 0002:00177810       ??_C@_1BC@GKGMANDA@?$AE?$BO?$AE1?$AE?$DN?$AE?$DO?$AE2?$AE8?$AEB?$AEL?$AA?$AA@ 0057f810     languages.obj
 0002:00177824       ??_C@_1BI@CLNGIGJ@?$AE?$BI?$AE?$DN?$AED?$AE?$DO?$AE?$EA?$AE?$DM?$AE0?$AEF?$AE8?$AEO?$AA?3?$AA?$AA@ 0057f824     languages.obj
 0002:0017783c       ??_C@_1CC@BPLNKAJP@?$AE?$BK?$AE?$DL?$AEN?$AEG?$AA?5?$AEH?$AE8?$AED?$AE?$EA?$AE?$DO?$AE2?$AE0?$AE?$DN?$AE8?$AEO?$AA?3?$AA?$AA@ 0057f83c     languages.obj
 0002:00177860       ??_C@_1DK@FKKILEIJ@?$AE?$BI?$AE?$DN?$AED?$AE?$DO?$AE?$EA?$AE?$DM?$AE0?$AEF?$AE8?$AEO?$AA?5?$AE?$DO?$AA?5?$AE7?$AE0?$AE?$DP?$AEC?$AEI?$AE5?$AE?$DN?$AE?$DN?$AE?$DO?$AE?$DM?$AA?5?$AE1?$AE?$DO?$AEB?$AE5?$AA?$AA@ 0057f860     languages.obj
 0002:001778a0       ??_C@_1HI@LFMIBPGB@?$AE?$BC?$AE5?$AE?$EA?$AEA?$AE8?$AEO?$AA?3?$AA?5?$AA?$CF?$AAu?$AA?4?$AA?$CF?$AAu?$AA?4?$AA?$CF?$AAu?$AA?4?$AA?$CF?$AAu?$AA?$AN?$AA?6?$AE?$BC?$AE?$EA?$AE5?$AE?$DM?$AEO?$AA?5?$AEA?$AE1?$AE?$DO?$AE?$EA?$AE?3@ 0057f8a0     languages.obj
 0002:00177918       ??_C@_1BO@GKGIIIJE@?$AE?$CC?$AE5?$AE?3?$AEC?$AEI?$AE0?$AEO?$AA?5?$AE2?$AE5?$AE?$EA?$AEA?$AE8?$AEO?$AA?$AA@ 0057f918     languages.obj
 0002:00177938       ??_C@_1M@CBEMEIKC@?$AE?$BO?$AE?$DP?$AEF?$AE8?$AE8?$AA?$AA@ 0057f938     languages.obj
 0002:00177944       ??_C@_1O@NAIEKLOG@?$AE?$CB?$AE1?$AE?$DO?$AE?$EA?$AE?3?$AE0?$AA?$AA@ 0057f944     languages.obj
 0002:00177954       ??_C@_1CC@KDOEHGPG@?$AE?$BO?$AE1?$AEI?$AE0?$AEO?$AA?5?$AE8?$AE?$DN?$AED?$AE?$DO?$AE?$EA?$AE?$DM?$AE0?$AEF?$AE8?$AEO?$AA?$AA@ 0057f954     languages.obj
 0002:00177978       ??_C@_1BK@DFAOPDFA@?$AA?$AN?$AA?6?$AE?$BO?$AE?$CI?$AE?$BI?$AE?$BB?$AE?$BK?$AE?$BA?$AA?3?$AA?5?$AA?$CF?$AAs?$AA?$AA@ 0057f978     languages.obj
 0002:00177994       ??_C@_1DG@CMDEHBBF@?$AE?$BN?$AE5?$AA?5?$AEC?$AE4?$AE0?$AE?$DL?$AE?$DO?$AEA?$AEL?$AA?5?$AEA?$AE?$DO?$AEE?$AE?$EA?$AE0?$AE?$DN?$AE8?$AEB?$AEL?$AA?5?$AED?$AE0?$AE9?$AE?$DL?$AA?4?$AA?$AA@ 0057f994     languages.obj
 0002:001779cc       ??_C@_1CK@NCLPHNPA@?$AE?$BN?$AE5?$AE4?$AE?$DO?$AEA?$AEB?$AE0?$AEB?$AE?$DO?$AEG?$AE?$DN?$AE?$DO?$AA?5?$AE?$DP?$AE0?$AE?$DM?$AEO?$AEB?$AE8?$AA?4?$AA?$AA@ 0057f9cc     languages.obj
 0002:001779f8       ??_C@_1DK@NMECGOAH@?$AAF?$AAa?$AAi?$AAl?$AAe?$AAd?$AA?5?$AAt?$AAo?$AA?5?$AAs?$AAa?$AAv?$AAe?$AA?5?$AAa?$AAl?$AAl?$AA?5?$AAs?$AAe?$AAt?$AAt?$AAi?$AAn?$AAg?$AAs?$AA?4?$AA?$AA@ 0057f9f8     languages.obj
 0002:00177a38       ??_C@_1GO@HNMJPBEH@?$AAF?$AAo?$AAr?$AA?5?$AAa?$AAp?$AAp?$AAl?$AAy?$AA?5?$AAt?$AAh?$AAe?$AA?5?$AAl?$AAa?$AAn?$AAg?$AAu?$AAa?$AAg?$AAe?$AA?5?$AAy?$AAo?$AAu?$AA?5?$AAs?$AAh?$AAo?$AAu?$AAl@ 0057fa38     languages.obj
 0002:00177aa8       ??_C@_1M@BMPEPGDA@?$AAA?$AAp?$AAp?$AAl?$AAy?$AA?$AA@ 0057faa8     languages.obj
 0002:00177ab4       ??_C@_1BE@HBODGPNP@?$AAL?$AAa?$AAn?$AAg?$AAu?$AAa?$AAg?$AAe?$AA?3?$AA?$AA@ 0057fab4     languages.obj
 0002:00177ac8       ??_C@_1DC@LJPMJGBD@?$AAB?$AAa?$AAd?$AA?5?$AAH?$AAT?$AAT?$AAP?$AA?9?$AAi?$AAn?$AAj?$AAe?$AAc?$AAt?$AA?5?$AAf?$AAo?$AAu?$AAn?$AAd?$AAe?$AAd?$AA?4?$AA?$AA@ 0057fac8     languages.obj
 0002:00177b00       ??_C@_1EK@MBHICPCL@?$AAF?$AAa?$AAi?$AAl?$AAe?$AAd?$AA?5?$AAt?$AAo?$AA?5?$AAo?$AAp?$AAe?$AAn?$AA?5?$AAf?$AAi?$AAl?$AAe?$AA?5?$AAo?$AAf?$AA?5?$AAH?$AAT?$AAT?$AAP?$AA?5?$AAi?$AAn?$AAj?$AAe@ 0057fb00     languages.obj
 0002:00177b4c       ??_C@_1DK@GECOIDFO@?$AAB?$AAu?$AAi?$AAl?$AAd?$AAi?$AAn?$AAg?$AA?5?$AAt?$AAh?$AAe?$AA?5?$AAH?$AAT?$AAT?$AAP?$AA?5?$AAi?$AAn?$AAj?$AAe?$AAc?$AAt?$AAs?$AA?4?$AA?4?$AA?4?$AA?$AA@ 0057fb4c     languages.obj
 0002:00177b88       ??_C@_1GE@OHNFLCJD@?$AAE?$AAr?$AAr?$AAo?$AAr?$AA?5?$AAf?$AAo?$AAu?$AAn?$AAd?$AAe?$AAd?$AA?5?$AAi?$AAn?$AA?5?$AA?$CC?$AAD?$AAy?$AAn?$AAa?$AAm?$AAi?$AAc?$AAC?$AAo?$AAn?$AAf?$AAi?$AAg?$AA?1@ 0057fb88     languages.obj
 0002:00177bf0       ??_C@_1FG@HONEKAKG@?$AAE?$AAr?$AAr?$AAo?$AAr?$AA?5?$AAf?$AAo?$AAu?$AAn?$AAd?$AAe?$AAd?$AA?5?$AAi?$AAn?$AA?5?$AA?$CC?$AAD?$AAy?$AAn?$AAa?$AAm?$AAi?$AAc?$AAC?$AAo?$AAn?$AAf?$AAi?$AAg?$AA?1@ 0057fbf0     languages.obj
 0002:00177c48       ??_C@_1GC@GNHFOCAM@?$AAE?$AAr?$AAr?$AAo?$AAr?$AA?5?$AAf?$AAo?$AAu?$AAn?$AAd?$AAe?$AAd?$AA?5?$AAi?$AAn?$AA?5?$AA?$CC?$AAD?$AAy?$AAn?$AAa?$AAm?$AAi?$AAc?$AAC?$AAo?$AAn?$AAf?$AAi?$AAg?$AA?1@ 0057fc48     languages.obj
 0002:00177cb0       ??_C@_1FK@GMBPJIIJ@?$AAE?$AAr?$AAr?$AAo?$AAr?$AA?5?$AAf?$AAo?$AAu?$AAn?$AAd?$AAe?$AAd?$AA?5?$AAi?$AAn?$AA?5?$AA?$CC?$AAD?$AAy?$AAn?$AAa?$AAm?$AAi?$AAc?$AAC?$AAo?$AAn?$AAf?$AAi?$AAg?$AA?1@ 0057fcb0     languages.obj
 0002:00177d10       ??_C@_1FI@NJGJLFGL@?$AAE?$AAr?$AAr?$AAo?$AAr?$AA?5?$AAf?$AAo?$AAu?$AAn?$AAd?$AAe?$AAd?$AA?5?$AAi?$AAn?$AA?5?$AA?$CC?$AAD?$AAy?$AAn?$AAa?$AAm?$AAi?$AAc?$AAC?$AAo?$AAn?$AAf?$AAi?$AAg?$AA?1@ 0057fd10     languages.obj
 0002:00177d68       ??_C@_1GE@COFCPHNN@?$AAE?$AAr?$AAr?$AAo?$AAr?$AA?5?$AAf?$AAo?$AAu?$AAn?$AAd?$AAe?$AAd?$AA?5?$AAi?$AAn?$AA?5?$AA?$CC?$AAD?$AAy?$AAn?$AAa?$AAm?$AAi?$AAc?$AAC?$AAo?$AAn?$AAf?$AAi?$AAg?$AA?1@ 0057fd68     languages.obj
 0002:00177dd0       ??_C@_1FG@IGFOGCPI@?$AAF?$AAa?$AAi?$AAl?$AAe?$AAd?$AA?5?$AAt?$AAo?$AA?5?$AAf?$AAi?$AAn?$AAd?$AA?5?$AA?$CC?$AAD?$AAy?$AAn?$AAa?$AAm?$AAi?$AAc?$AAC?$AAo?$AAn?$AAf?$AAi?$AAg?$AA?1?$AAu?$AAr@ 0057fdd0     languages.obj
 0002:00177e28       ??_C@_1FG@FAMBEKHA@?$AAF?$AAa?$AAi?$AAl?$AAe?$AAd?$AA?5?$AAt?$AAo?$AA?5?$AAf?$AAi?$AAn?$AAd?$AA?5?$AA?$CC?$AAD?$AAy?$AAn?$AAa?$AAm?$AAi?$AAc?$AAC?$AAo?$AAn?$AAf?$AAi?$AAg?$AA?1?$AAu?$AAr@ 0057fe28     languages.obj
 0002:00177e80       ??_C@_1EA@HDCAMPOA@?$AAF?$AAa?$AAi?$AAl?$AAe?$AAd?$AA?5?$AAt?$AAo?$AA?5?$AAf?$AAi?$AAn?$AAd?$AA?5?$AA?$CC?$AAD?$AAy?$AAn?$AAa?$AAm?$AAi?$AAc?$AAC?$AAo?$AAn?$AAf?$AAi?$AAg?$AA?$CC?$AA?4?$AA?$AA@ 0057fe80     languages.obj
 0002:00177ec0       ??_C@_1EE@FAEDBBEC@?$AAS?$AAo?$AAu?$AAr?$AAc?$AAe?$AA?5?$AAe?$AAx?$AAe?$AAc?$AAu?$AAt?$AAa?$AAb?$AAl?$AAe?$AA?5?$AAf?$AAi?$AAl?$AAe?$AA?5?$AAc?$AAo?$AAr?$AAr?$AAu?$AAp?$AAt?$AAe?$AAd@ 0057fec0     languages.obj
 0002:00177f08       ??_C@_1FM@GJHGPNIP@?$AAF?$AAa?$AAi?$AAl?$AAe?$AAd?$AA?5?$AAt?$AAo?$AA?5?$AAf?$AAi?$AAn?$AAd?$AA?5?$AA?$CC?$AAS?$AAt?$AAa?$AAt?$AAi?$AAc?$AAC?$AAo?$AAn?$AAf?$AAi?$AAg?$AA?1?$AAe?$AAn?$AAc@ 0057ff08     languages.obj
 0002:00177f68       ??_C@_1LG@OFMKJMPO@?$AAM?$AAa?$AAx?$AAi?$AAm?$AAu?$AAm?$AA?5?$AAl?$AAe?$AAn?$AAg?$AAt?$AAh?$AA?5?$AAo?$AAf?$AA?5?$AAv?$AAa?$AAl?$AAu?$AAe?$AA?5?$AA?$CC?$AAS?$AAt?$AAa?$AAt?$AAi?$AAc?$AAC@ 0057ff68     languages.obj
 0002:00178020       ??_C@_1FE@DCFMLKNB@?$AAF?$AAa?$AAi?$AAl?$AAe?$AAd?$AA?5?$AAt?$AAo?$AA?5?$AAf?$AAi?$AAn?$AAd?$AA?5?$AA?$CC?$AAS?$AAt?$AAa?$AAt?$AAi?$AAc?$AAC?$AAo?$AAn?$AAf?$AAi?$AAg?$AA?1?$AAu?$AAr?$AAl@ 00580020     languages.obj
 0002:00178078       ??_C@_1KO@MPFOMKGK@?$AAM?$AAa?$AAx?$AAi?$AAm?$AAu?$AAm?$AA?5?$AAl?$AAe?$AAn?$AAg?$AAt?$AAh?$AA?5?$AAo?$AAf?$AA?5?$AAv?$AAa?$AAl?$AAu?$AAe?$AA?5?$AA?$CC?$AAS?$AAt?$AAa?$AAt?$AAi?$AAc?$AAC@ 00580078     languages.obj
 0002:00178128       ??_C@_1DO@DCGDINPI@?$AAF?$AAa?$AAi?$AAl?$AAe?$AAd?$AA?5?$AAt?$AAo?$AA?5?$AAf?$AAi?$AAn?$AAd?$AA?5?$AA?$CC?$AAS?$AAt?$AAa?$AAt?$AAi?$AAc?$AAC?$AAo?$AAn?$AAf?$AAi?$AAg?$AA?$CC?$AA?4?$AA?$AA@ 00580128     languages.obj
 0002:00178168       ??_C@_1EG@GDIGHAOD@?$AAB?$AAu?$AAi?$AAl?$AAd?$AAi?$AAn?$AAg?$AA?5?$AAc?$AAo?$AAn?$AAf?$AAi?$AAg?$AAu?$AAr?$AAa?$AAt?$AAi?$AAo?$AAn?$AA?5?$AAo?$AAf?$AA?5?$AAb?$AAo?$AAt?$AA?4?$AA?4?$AA?4@ 00580168     languages.obj
 0002:001781b0       ??_C@_1CG@DOOOJDOO@?$AA?$AN?$AA?6?$AAB?$AAU?$AAI?$AAL?$AAD?$AA?5?$AAS?$AAU?$AAC?$AAC?$AAE?$AAE?$AAD?$AAE?$AAD?$AA?$CB?$AA?$AA@ 005801b0     languages.obj
 0002:001781d8       ??_C@_1EC@NEIPOHFK@?$AAS?$AAi?$AAz?$AAe?$AA?5?$AAo?$AAf?$AA?5?$AAo?$AAu?$AAt?$AAp?$AAu?$AAt?$AA?5?$AAf?$AAi?$AAl?$AAe?$AA?5?$AAi?$AAs?$AA?5?$AA?$CF?$AAu?$AA?5?$AAb?$AAy?$AAt?$AAe?$AAs?$AA?4@ 005801d8     languages.obj
 0002:0017821c       ??_C@_1DI@CNHKJIOO@?$AAC?$AAr?$AAe?$AAa?$AAt?$AAi?$AAn?$AAg?$AA?5?$AAe?$AAx?$AAe?$AAc?$AAu?$AAt?$AAa?$AAb?$AAl?$AAe?$AA?5?$AAf?$AAi?$AAl?$AAe?$AA?4?$AA?4?$AA?4?$AA?$AA@ 0058021c     languages.obj
 0002:00178254       ??_C@_1DC@LLILFDHG@?$AAL?$AAo?$AAa?$AAd?$AAi?$AAn?$AAg?$AA?5?$AAc?$AAo?$AAn?$AAf?$AAi?$AAg?$AAu?$AAr?$AAa?$AAt?$AAi?$AAo?$AAn?$AA?4?$AA?4?$AA?4?$AA?$AA@ 00580254     languages.obj
 0002:00178288       ??_C@_1CI@FEOEBJAA@?$AAB?$AAu?$AAi?$AAl?$AAd?$AAi?$AAn?$AAg?$AA?5?$AAt?$AAh?$AAe?$AA?5?$AAb?$AAo?$AAt?$AA?4?$AA?4?$AA?4?$AA?$AA@ 00580288     languages.obj
 0002:001782b0       ??_C@_1EG@NGODBHOL@?$AAF?$AAa?$AAi?$AAl?$AAe?$AAd?$AA?5?$AAt?$AAo?$AA?5?$AAr?$AAe?$AAa?$AAd?$AA?5?$AAc?$AAo?$AAn?$AAf?$AAi?$AAg?$AAu?$AAr?$AAa?$AAt?$AAi?$AAo?$AAn?$AA?5?$AAf?$AAi?$AAl@ 005802b0     languages.obj
 0002:001782f8       ??_C@_1EG@KOOMKPGE@?$AAF?$AAa?$AAi?$AAl?$AAe?$AAd?$AA?5?$AAt?$AAo?$AA?5?$AAe?$AAx?$AAe?$AAc?$AAu?$AAt?$AAe?$AA?5?$AAe?$AAx?$AAt?$AAe?$AAr?$AAn?$AAa?$AAl?$AA?5?$AAe?$AAd?$AAi?$AAt?$AAo@ 005802f8     languages.obj
 0002:00178340       ??_C@_1DA@PNIOGHON@?$AA?9?$AA?9?$AA?5?$AAf?$AAi?$AAl?$AAe?$AA?5?$AAn?$AAo?$AAt?$AA?5?$AAs?$AAe?$AAl?$AAe?$AAc?$AAt?$AAe?$AAd?$AA?5?$AA?9?$AA?9?$AA?$AA@ 00580340     languages.obj
 0002:00178370       ??_C@_1DC@PGPFKBLC@?$AAB?$AAu?$AAi?$AAl?$AAd?$AA?5?$AAt?$AAh?$AAe?$AA?5?$AAb?$AAo?$AAt?$AA?5?$AAe?$AAx?$AAe?$AAc?$AAu?$AAt?$AAa?$AAb?$AAl?$AAe?$AA?$AA@ 00580370     languages.obj
 0002:001783a4       ??_C@_1DI@LEEOJFDP@?$AAB?$AAu?$AAi?$AAl?$AAd?$AA?5?$AAt?$AAh?$AAe?$AA?5?$AAb?$AAo?$AAt?$AA?5?$AAc?$AAo?$AAn?$AAf?$AAi?$AAg?$AAu?$AAr?$AAa?$AAt?$AAi?$AAo?$AAn?$AA?$AA@ 005803a4     languages.obj
 0002:001783dc       ??_C@_1BA@CLOPDPEN@?$AAA?$AAc?$AAt?$AAi?$AAo?$AAn?$AAs?$AA?$AA@ 005803dc     languages.obj
 0002:001783ec       ??_C@_1BA@JPMCACA@?$AAE?$AAd?$AAi?$AAt?$AA?4?$AA?4?$AA?4?$AA?$AA@ 005803ec     languages.obj
 0002:001783fc       ??_C@_1BE@OAEOOAE@?$AAB?$AAr?$AAo?$AAw?$AAs?$AAe?$AA?4?$AA?4?$AA?4?$AA?$AA@ 005803fc     languages.obj
 0002:00178410       ??_C@_1DG@BJCCJNKE@?$AAS?$AAo?$AAu?$AAr?$AAc?$AAe?$AA?5?$AAc?$AAo?$AAn?$AAf?$AAi?$AAg?$AAu?$AAa?$AAr?$AAt?$AAi?$AAo?$AAn?$AA?5?$AAf?$AAi?$AAl?$AAe?$AA?3?$AA?$AA@ 00580410     languages.obj
 0002:00178448       ??_C@_1CC@OOGNPJFI@?$AAB?$AAo?$AAt?$AA?5?$AAn?$AAo?$AAt?$AA?5?$AAf?$AAo?$AAu?$AAn?$AAd?$AAe?$AAd?$AA?4?$AA?$AA@ 00580448     languages.obj
 0002:00178470       ??_C@_1GO@BMJKGBHA@?$AAV?$AAe?$AAr?$AAs?$AAi?$AAo?$AAn?$AA?3?$AA?5?$AA?$CF?$AAu?$AA?4?$AA?$CF?$AAu?$AA?4?$AA?$CF?$AAu?$AA?4?$AA?$CF?$AAu?$AA?$AN?$AA?6?$AAB?$AAo?$AAt?$AAn?$AAe?$AAt?$AA?3?$AA?5?$AA?$CF?$AAs@ 00580470     languages.obj
 0002:001784e0       ??_C@_1BM@GCBECJNC@?$AA?9?$AA?9?$AA?5?$AAd?$AAe?$AAf?$AAa?$AAu?$AAl?$AAt?$AA?5?$AA?9?$AA?9?$AA?$AA@ 005804e0     languages.obj
 0002:00178500       ??_C@_1GK@NKBILMGE@?$AAF?$AAa?$AAi?$AAl?$AAe?$AAd?$AA?5?$AAt?$AAo?$AA?5?$AAr?$AAe?$AAm?$AAo?$AAv?$AAe?$AA?5?$AAb?$AAo?$AAt?$AA?$CB?$AA?5?$AAT?$AAr?$AAy?$AA?5?$AAa?$AAg?$AAa?$AAi?$AAn?$AA?5@ 00580500     languages.obj
 0002:00178570       ??_C@_1HA@NGMPPLFI@?$AAB?$AAo?$AAt?$AA?5?$AAr?$AAe?$AAm?$AAo?$AAv?$AAe?$AAd?$AA?$CB?$AA?5?$AAP?$AAl?$AAe?$AAa?$AAs?$AAe?$AA?5?$AAr?$AAe?$AAs?$AAt?$AAa?$AAr?$AAt?$AA?5?$AAc?$AAo?$AAm?$AAp@ 00580570     languages.obj
 0002:001785e0       ??_C@_1CA@JALOJOGD@?$AAR?$AAe?$AAm?$AAo?$AAv?$AAi?$AAn?$AAg?$AA?5?$AAb?$AAo?$AAt?$AA?4?$AA?4?$AA?4?$AA?$AA@ 005805e0     languages.obj
 0002:00178600       ??_C@_1BG@NPEKOOKE@?$AAR?$AAe?$AAm?$AAo?$AAv?$AAe?$AA?5?$AAb?$AAo?$AAt?$AA?$AA@ 00580600     languages.obj
 0002:00178618       ??_C@_1BA@IKDPCKPI@?$AAR?$AAe?$AAf?$AAr?$AAe?$AAs?$AAh?$AA?$AA@ 00580618     languages.obj
 0002:00178628       ??_C@_1BK@LMAEKDNP@?$AAI?$AAn?$AAf?$AAo?$AAr?$AAm?$AAa?$AAt?$AAi?$AAo?$AAn?$AA?3?$AA?$AA@ 00580628     languages.obj
 0002:00178644       ??_C@_1CA@JNAHLHMC@?$AAE?$AAn?$AAc?$AAr?$AAy?$AAp?$AAt?$AAi?$AAo?$AAn?$AA?5?$AAk?$AAe?$AAy?$AA?3?$AA?$AA@ 00580644     languages.obj
 0002:00178664       ??_C@_1DK@BPPNIALJ@?$AAI?$AAn?$AAf?$AAo?$AAr?$AAm?$AAa?$AAt?$AAi?$AAo?$AAn?$AA?5?$AAa?$AAb?$AAo?$AAu?$AAt?$AA?5?$AAa?$AAc?$AAt?$AAi?$AAv?$AAe?$AA?5?$AAb?$AAo?$AAt?$AA?$AA@ 00580664     languages.obj
 0002:001786a0       ??_C@_1GI@NPNDIFGN@?$AAV?$AAe?$AAr?$AAs?$AAi?$AAo?$AAn?$AA?3?$AA?5?$AA?$CF?$AAu?$AA?4?$AA?$CF?$AAu?$AA?4?$AA?$CF?$AAu?$AA?4?$AA?$CF?$AAu?$AA?$AN?$AA?6?$AAB?$AAu?$AAi?$AAl?$AAd?$AA?5?$AAt?$AAi?$AAm?$AAe@ 005806a0     languages.obj
 0002:00178708       ??_C@_1CA@HACAGKKF@?$AAC?$AAu?$AAr?$AAr?$AAe?$AAn?$AAt?$AA?5?$AAv?$AAe?$AAr?$AAs?$AAi?$AAo?$AAn?$AA?$AA@ 00580708     languages.obj
 0002:00178728       ??_C@_1BC@PFDDLKEP@?$AAS?$AAe?$AAt?$AAt?$AAi?$AAn?$AAg?$AAs?$AA?$AA@ 00580728     languages.obj
 0002:0017873c       ??_C@_1BA@GHNIFAMD@?$AAB?$AAu?$AAi?$AAl?$AAd?$AAe?$AAr?$AA?$AA@ 0058073c     languages.obj
 0002:0017874c       ??_C@_1BI@NIHBLACF@?$AAI?$AAn?$AAf?$AAo?$AAr?$AAm?$AAa?$AAt?$AAi?$AAo?$AAn?$AA?$AA@ 0058074c     languages.obj
 0002:00178764       ??_C@_1BK@LNDDPCNH@?$AAZ?$AAe?$AAu?$AAS?$AA?5?$AAB?$AAu?$AAi?$AAl?$AAd?$AAe?$AAr?$AA?$AA@ 00580764     languages.obj
 0002:00178780       ??_C@_1BI@FOFDKLKI@?$AA?$AN?$AA?6?$AAE?$AAR?$AAR?$AAO?$AAR?$AA?3?$AA?5?$AA?$CF?$AAs?$AA?$AA@ 00580780     languages.obj
 0002:00178798       ??_C@_1DK@DEGOPOBH@?$AAF?$AAa?$AAi?$AAl?$AAe?$AAd?$AA?5?$AAt?$AAo?$AA?5?$AAw?$AAr?$AAi?$AAt?$AAe?$AA?5?$AAo?$AAu?$AAt?$AAp?$AAu?$AAt?$AA?5?$AAf?$AAi?$AAl?$AAe?$AA?4?$AA?$AA@ 00580798     languages.obj
 0002:001787d4       ??_C@_1CE@DJJMJBFJ@?$AAN?$AAo?$AAt?$AA?5?$AAe?$AAn?$AAo?$AAu?$AAg?$AAh?$AA?5?$AAm?$AAe?$AAm?$AAo?$AAr?$AAy?$AA?$AA@ 005807d4     languages.obj
 0002:001787f8       ??_C@_1CE@NDDEGHIA@?$AE?5?$AEC?$AEA?$AEA?$AE?3?$AE8?$AE9?$AA?5?$AA?$CI?$AAR?$AAu?$AAs?$AAs?$AAi?$AAa?$AAn?$AA?$CJ?$AA?$AA@ 005807f8     languages.obj
 0002:0017881c       ??_C@_1BA@CLLEDPIF@?$AAE?$AAn?$AAg?$AAl?$AAi?$AAs?$AAh?$AA?$AA@ 0058081c     languages.obj
 0002:0017882c       ??_C@_1BC@PKFLBEPK@?$AAl?$AAa?$AAn?$AAg?$AAu?$AAa?$AAg?$AAe?$AA?$AA@ 0058082c     languages.obj
 0002:00178840       ??_C@_1BC@KIHFACHP@?$AAs?$AAe?$AAt?$AAt?$AAi?$AAn?$AAg?$AAs?$AA?$AA@ 00580840     languages.obj
 0002:00178854       ??_C@_13IMODFHAA@?$AA?9?$AA?$AA@ 00580854     info.obj
 0002:00178858       ??_C@_09LOENNHE@Evolution?$AA@ 00580858     info.obj
 0002:00178864       ??_C@_1DA@GMKNEJCG@?$AA1?$AA9?$AA?3?$AA4?$AA9?$AA?3?$AA2?$AA9?$AA?5?$AA2?$AA4?$AA?4?$AA0?$AA1?$AA?4?$AA2?$AA0?$AA1?$AA3?$AA?5?$AAG?$AAM?$AAT?$AA?$AA@ 00580864     info.obj
 0002:00178894       ??_C@_1BG@OPDBANFN@?$AAc?$AAo?$AAn?$AAf?$AAi?$AAg?$AA?4?$AAt?$AAx?$AAt?$AA?$AA@ 00580894     builder.obj
 0002:001788ac       ??_C@_19LELMJPKF@?$AAe?$AAd?$AAi?$AAt?$AA?$AA@ 005808ac     builder.obj
 0002:001788b8       ??_C@_06FFPMLDME@botnet?$AA@ 005808b8     buildbot.obj
 0002:001788c0       ??_C@_1BE@DHDFEIEN@?$AAb?$AAo?$AAt?$AAn?$AAe?$AAt?$AA?$DN?$AA?$CF?$AAs?$AA?$AA@ 005808c0     buildbot.obj
 0002:001788d4       ??_C@_0N@NHOJGAAP@timer_config?$AA@ 005808d4     buildbot.obj
 0002:001788e4       ??_C@_1DE@KDLIHMOG@?$AAt?$AAi?$AAm?$AAe?$AAr?$AA_?$AAc?$AAo?$AAn?$AAf?$AAi?$AAg?$AA?$DN?$AA?$CF?$AAu?$AAm?$AAi?$AAn?$AA?0?$AA?5?$AA?$CF?$AAu?$AAm?$AAi?$AAn?$AA?$AA@ 005808e4     buildbot.obj
 0002:00178918       ??_C@_0L@DCHEHJFN@timer_logs?$AA@ 00580918     buildbot.obj
 0002:00178924       ??_C@_1DA@MPHILDOK@?$AAt?$AAi?$AAm?$AAe?$AAr?$AA_?$AAl?$AAo?$AAg?$AAs?$AA?$DN?$AA?$CF?$AAu?$AAm?$AAi?$AAn?$AA?0?$AA?5?$AA?$CF?$AAu?$AAm?$AAi?$AAn?$AA?$AA@ 00580924     buildbot.obj
 0002:00178954       ??_C@_0M@NEGOCMIB@timer_stats?$AA@ 00580954     buildbot.obj
 0002:00178960       ??_C@_1DC@GDIJMMHN@?$AAt?$AAi?$AAm?$AAe?$AAr?$AA_?$AAs?$AAt?$AAa?$AAt?$AAs?$AA?$DN?$AA?$CF?$AAu?$AAm?$AAi?$AAn?$AA?0?$AA?5?$AA?$CF?$AAu?$AAm?$AAi?$AAn?$AA?$AA@ 00580960     buildbot.obj
 0002:00178994       ??_C@_1BM@FKGBFOLF@?$AAu?$AAr?$AAl?$AA_?$AAc?$AAo?$AAn?$AAf?$AAi?$AAg?$AA?$DN?$AA?$CF?$AAs?$AA?$AA@ 00580994     buildbot.obj
 0002:001789b0       ??_C@_09EEAPBANA@login_key?$AA@ 005809b0     buildbot.obj
 0002:001789bc       ??_C@_1BK@FODABJME@?$AAl?$AAo?$AAg?$AAi?$AAn?$AA_?$AAk?$AAe?$AAy?$AA?$DN?$AA?$CF?$AAs?$AA?$AA@ 005809bc     buildbot.obj
 0002:001789d8       ??_C@_0N@KGDPGFNB@remove_certs?$AA@ 005809d8     buildbot.obj
 0002:001789e8       ??_C@_1CA@PCCHOKHM@?$AAr?$AAe?$AAm?$AAo?$AAv?$AAe?$AA_?$AAc?$AAe?$AAr?$AAt?$AAs?$AA?$DN?$AA?$CF?$AAu?$AA?$AA@ 005809e8     buildbot.obj
 0002:00178a08       ??_C@_0BC@OEAEHMBA@disable_tcpserver?$AA@ 00580a08     buildbot.obj
 0002:00178a1c       ??_C@_1CK@IKJOGNJM@?$AAd?$AAi?$AAs?$AAa?$AAb?$AAl?$AAe?$AA_?$AAt?$AAc?$AAp?$AAs?$AAe?$AAr?$AAv?$AAe?$AAr?$AA?$DN?$AA?$CF?$AAu?$AA?$AA@ 00580a1c     buildbot.obj
 0002:00178a48       ??_C@_0P@NNNDAFMP@encryption_key?$AA@ 00580a48     buildbot.obj
 0002:00178a58       ??_C@_1CE@CNALMPGA@?$AAe?$AAn?$AAc?$AAr?$AAy?$AAp?$AAt?$AAi?$AAo?$AAn?$AA_?$AAk?$AAe?$AAy?$AA?$DN?$AAO?$AAK?$AA?$AA@ 00580a58     buildbot.obj
 0002:00178a7c       ??_C@_1BA@HCLGIIDL@?$AAb?$AAo?$AAt?$AA?4?$AAe?$AAx?$AAe?$AA?$AA@ 00580a7c     buildbot.obj
 0002:00178a8c       __IMPORT_DESCRIPTOR_KERNEL32 00580a8c     kernel32:KERNEL32.dll
 0002:00178aa0       __IMPORT_DESCRIPTOR_USER32 00580aa0     user32:USER32.dll
 0002:00178ab4       __IMPORT_DESCRIPTOR_ADVAPI32 00580ab4     advapi32:ADVAPI32.dll
 0002:00178ac8       __IMPORT_DESCRIPTOR_SHLWAPI 00580ac8     shlwapi:SHLWAPI.dll
 0002:00178adc       __IMPORT_DESCRIPTOR_SHELL32 00580adc     shell32:SHELL32.dll
 0002:00178af0       __IMPORT_DESCRIPTOR_COMCTL32 00580af0     comctl32:COMCTL32.dll
 0002:00178b04       __IMPORT_DESCRIPTOR_COMDLG32 00580b04     comdlg32:COMDLG32.dll
 0002:00178b18       __IMPORT_DESCRIPTOR_ole32  00580b18     ole32:ole32.dll
 0002:00178b2c       __NULL_IMPORT_DESCRIPTOR   00580b2c     kernel32:KERNEL32.dll
 0003:00000e28       ?homePath@@3PA_WA          00582e28     main.obj
 0003:00001030       ?currentModule@@3PAUHINSTANCE__@@A 00583030     main.obj
 0003:00001038       ?settingsFile@@3PA_WA      00583038     main.obj

 entry point at        0000:00000000

 Static symbols

 0001:000000e7       ?searchNextInject_Tool_alloc_for_next@@YI_NPAUSNIDATA@@@Z 004010e7 f    CIL library: CIL module
 0001:00000128       ?freeWebInject@@YIXPAUSNIDATA@@@Z 00401128 f    CIL library: CIL module
 0001:00000154       ?searchNextWebInject@@YI_NPAE0PAUSNIDATA@@K@Z 00401154 f    CIL library: CIL module
 0001:000005fa       ?buildWebInject@@YIKPAUHWND__@@PA_WPAPAUSTORAGE@BinStorage@@PAPAEPAK4@Z 004015fa f    CIL library: CIL module
 0001:00000a02       ?childToMultiString@@YI_NPAUHWND__@@PAPAUSTORAGE@BinStorage@@PAU_VAR@Config0@@PADKE@Z 00401a02 f    CIL library: CIL module
 0001:00001577       ?unicodeToX@@YIHKQA_WHPADH@Z 00402577 f    CIL library: CIL module
 0001:000015ad       ?unicodeToXEx@@YIPADKQA_WH@Z 004025ad f    CIL library: CIL module
 0001:000015ff       ?xToUnicode@@YIHKQADHPA_WH@Z 004025ff f    CIL library: CIL module
 0001:00001634       ?xToUnicodeEx@@YIPA_WKPADH@Z 00402634 f    CIL library: CIL module
 0001:00001690       ?vsprintfHelperExW@@YIKPAPA_WKQA_WPAD@Z 00402690 f    CIL library: CIL module
 0001:00001a0e       ?swd_insertdict@@YIXPAUucl_swd_t@@KK@Z 00402a0e f    CIL library: CIL module
 0001:00001aa5       ?swd_init@@YIHPAUucl_swd_t@@PAEK@Z 00402aa5 f    CIL library: CIL module
 0001:00001c44       ?swd_exit@@YIXPAUucl_swd_t@@@Z 00402c44 f    CIL library: CIL module
 0001:00001c8b       ?swd_search@@YIXPAUucl_swd_t@@KK@Z 00402c8b f    CIL library: CIL module
 0001:00001d30       ?swd_remove_node@@YIXPAUucl_swd_t@@K@Z 00402d30 f    CIL library: CIL module
 0001:00001d7f       ?swd_findbest@@YIXPAUucl_swd_t@@@Z 00402d7f f    CIL library: CIL module
 0001:00001e93       ?swd_getbyte@@YIXPAUucl_swd_t@@@Z 00402e93 f    CIL library: CIL module
 0001:00001eff       ?swd_accept@@YIXPAUucl_swd_t@@K@Z 00402eff f    CIL library: CIL module
 0001:00001f84       ?find_match@@YIXPAUUCL_COMPRESS_DATA@@PAUucl_swd_t@@KK@Z 00402f84 f    CIL library: CIL module
 0001:00002014       ?len_of_coded_match@@YIHPAUUCL_COMPRESS_DATA@@KK@Z 00403014 f    CIL library: CIL module
 0001:00002065       ?bbPutBit@@YIXPAUUCL_COMPRESS_DATA@@I@Z 00403065 f    CIL library: CIL module
 0001:000020c2       ?bbPutByte@@YI_NPAUUCL_COMPRESS_DATA@@I@Z 004030c2 f    CIL library: CIL module
 0001:000020dc       ?code_run@@YI_NPAUUCL_COMPRESS_DATA@@PAEK@Z 004030dc f    CIL library: CIL module
 0001:00002116       ?code_prefix_ss11@@YIXPAUUCL_COMPRESS_DATA@@K@Z 00403116 f    CIL library: CIL module
 0001:00002161       ?code_match@@YI_NPAUUCL_COMPRESS_DATA@@KK@Z 00403161 f    CIL library: CIL module
 0001:000021ee       ?bbFlushBits@@YIXPAUUCL_COMPRESS_DATA@@K@Z 004031ee f    CIL library: CIL module
 0001:00003b5c       ?loadTool@@YIXPAUHWND__@@E@Z 00404b5c f    CIL library: CIL module
 0001:00003bd8       ?mainDialogProc@@YGHPAUHWND__@@IIJ@Z 00404bd8 f    CIL library: CIL module
 0001:00003f69       ?getBotStatus@@YI_NPAUHWND__@@PAPAUVER1@BotStatus@@@Z 00404f69 f    CIL library: CIL module
 0001:00004084       ?refreshBotStatus@@YIXPAUHWND__@@@Z 00405084 f    CIL library: CIL module
 0001:00004153       ?removeBot@@YGKPAX@Z       00405153 f    CIL library: CIL module
 0001:0000437b       ?loadConfig@@YI_NPAUHWND__@@PA_WPAUCFGDATA@Config0@@_N@Z 0040537b f    CIL library: CIL module
 0001:0000442a       ?enableButtons@@YIXPAUHWND__@@_N@Z 0040542a f    CIL library: CIL module
 0001:00004470       ?buildThread@@YGKPAX@Z     00405470 f    CIL library: CIL module
 0001:000048cc       ?generateSecretHash@@YIXPAUBASECONFIG@@@Z 004058cc f    CIL library: CIL module
